<testsuites id="" name="" tests="135" failures="0" skipped="135" errors="0" time="0.42091300000000004">
<testsuite name="ai-identification.spec.ts" timestamp="2026-02-22T12:39:56.486Z" hostname="chromium" tests="8" failures="0" skipped="8" time="0" errors="0">
<testcase name="AI Photo Identification › should identify objects in uploaded photo" classname="ai-identification.spec.ts" time="0">
<skipped>
</skipped>
</testcase>
<testcase name="AI Photo Identification › should display confidence scores" classname="ai-identification.spec.ts" time="0">
<skipped>
</skipped>
</testcase>
<testcase name="AI Photo Identification › should display bounding boxes on photo" classname="ai-identification.spec.ts" time="0">
<skipped>
</skipped>
</testcase>
<testcase name="AI Photo Identification › should allow re-identification" classname="ai-identification.spec.ts" time="0">
<skipped>
</skipped>
</testcase>
<testcase name="AI Photo Identification › should display multiple identifications" classname="ai-identification.spec.ts" time="0">
<skipped>
</skipped>
</testcase>
<testcase name="AI Photo Identification › should filter identifications by confidence threshold" classname="ai-identification.spec.ts" time="0">
<skipped>
</skipped>
</testcase>
<testcase name="AI Photo Identification › should export identification results" classname="ai-identification.spec.ts" time="0">
<skipped>
</skipped>
</testcase>
<testcase name="AI Photo Identification › should show error when identification fails" classname="ai-identification.spec.ts" time="0">
<skipped>
</skipped>
</testcase>
</testsuite>
<testsuite name="auth.spec.ts" timestamp="2026-02-22T12:39:56.486Z" hostname="chromium" tests="6" failures="0" skipped="6" time="0" errors="0">
<testcase name="Authentication › should display login button when not authenticated" classname="auth.spec.ts" time="0">
<skipped>
</skipped>
</testcase>
<testcase name="Authentication › should navigate to login page" classname="auth.spec.ts" time="0">
<skipped>
</skipped>
</testcase>
<testcase name="Authentication › should show validation errors with empty credentials" classname="auth.spec.ts" time="0">
<skipped>
</skipped>
</testcase>
<testcase name="Authentication › should display error with invalid credentials" classname="auth.spec.ts" time="0">
<skipped>
</skipped>
</testcase>
<testcase name="Navigation › should navigate between pages" classname="auth.spec.ts" time="0">
<skipped>
</skipped>
</testcase>
<testcase name="Navigation › should have working mobile navigation" classname="auth.spec.ts" time="0">
<skipped>
</skipped>
</testcase>
</testsuite>
<testsuite name="gallery.spec.ts" timestamp="2026-02-22T12:39:56.486Z" hostname="chromium" tests="8" failures="0" skipped="8" time="0" errors="0">
<testcase name="Photo Gallery › should display photo gallery" classname="gallery.spec.ts" time="0">
<skipped>
</skipped>
</testcase>
<testcase name="Photo Gallery › should display photos in grid layout" classname="gallery.spec.ts" time="0">
<skipped>
</skipped>
</testcase>
<testcase name="Photo Gallery › should filter photos by tag" classname="gallery.spec.ts" time="0">
<skipped>
</skipped>
</testcase>
<testcase name="Photo Gallery › should search photos by text" classname="gallery.spec.ts" time="0">
<skipped>
</skipped>
</testcase>
<testcase name="Photo Gallery › should open photo detail view" classname="gallery.spec.ts" time="0">
<skipped>
</skipped>
</testcase>
<testcase name="Photo Gallery › should load more photos on scroll" classname="gallery.spec.ts" time="0">
<skipped>
</skipped>
</testcase>
<testcase name="Photo Gallery › should sort photos by date" classname="gallery.spec.ts" time="0">
<skipped>
</skipped>
</testcase>
<testcase name="Photo Gallery › should toggle between grid and list view" classname="gallery.spec.ts" time="0">
<skipped>
</skipped>
</testcase>
</testsuite>
<testsuite name="upload.spec.ts" timestamp="2026-02-22T12:39:56.486Z" hostname="chromium" tests="5" failures="0" skipped="5" time="0" errors="0">
<testcase name="Photo Upload › should display upload page correctly" classname="upload.spec.ts" time="0">
<skipped>
</skipped>
</testcase>
<testcase name="Photo Upload › should validate file selection" classname="upload.spec.ts" time="0">
<skipped>
</skipped>
</testcase>
<testcase name="Photo Upload › should upload a valid image file" classname="upload.spec.ts" time="0">
<skipped>
</skipped>
</testcase>
<testcase name="Photo Upload › should reject invalid file types" classname="upload.spec.ts" time="0">
<skipped>
</skipped>
</testcase>
<testcase name="Photo Upload › should allow adding tags to photo" classname="upload.spec.ts" time="0">
<skipped>
</skipped>
</testcase>
</testsuite>
<testsuite name="ai-identification.spec.ts" timestamp="2026-02-22T12:39:56.486Z" hostname="firefox" tests="8" failures="0" skipped="8" time="0" errors="0">
<testcase name="AI Photo Identification › should identify objects in uploaded photo" classname="ai-identification.spec.ts" time="0">
<skipped>
</skipped>
</testcase>
<testcase name="AI Photo Identification › should display confidence scores" classname="ai-identification.spec.ts" time="0">
<skipped>
</skipped>
</testcase>
<testcase name="AI Photo Identification › should display bounding boxes on photo" classname="ai-identification.spec.ts" time="0">
<skipped>
</skipped>
</testcase>
<testcase name="AI Photo Identification › should allow re-identification" classname="ai-identification.spec.ts" time="0">
<skipped>
</skipped>
</testcase>
<testcase name="AI Photo Identification › should display multiple identifications" classname="ai-identification.spec.ts" time="0">
<skipped>
</skipped>
</testcase>
<testcase name="AI Photo Identification › should filter identifications by confidence threshold" classname="ai-identification.spec.ts" time="0">
<skipped>
</skipped>
</testcase>
<testcase name="AI Photo Identification › should export identification results" classname="ai-identification.spec.ts" time="0">
<skipped>
</skipped>
</testcase>
<testcase name="AI Photo Identification › should show error when identification fails" classname="ai-identification.spec.ts" time="0">
<skipped>
</skipped>
</testcase>
</testsuite>
<testsuite name="auth.spec.ts" timestamp="2026-02-22T12:39:56.486Z" hostname="firefox" tests="6" failures="0" skipped="6" time="0" errors="0">
<testcase name="Authentication › should display login button when not authenticated" classname="auth.spec.ts" time="0">
<skipped>
</skipped>
</testcase>
<testcase name="Authentication › should navigate to login page" classname="auth.spec.ts" time="0">
<skipped>
</skipped>
</testcase>
<testcase name="Authentication › should show validation errors with empty credentials" classname="auth.spec.ts" time="0">
<skipped>
</skipped>
</testcase>
<testcase name="Authentication › should display error with invalid credentials" classname="auth.spec.ts" time="0">
<skipped>
</skipped>
</testcase>
<testcase name="Navigation › should navigate between pages" classname="auth.spec.ts" time="0">
<skipped>
</skipped>
</testcase>
<testcase name="Navigation › should have working mobile navigation" classname="auth.spec.ts" time="0">
<skipped>
</skipped>
</testcase>
</testsuite>
<testsuite name="gallery.spec.ts" timestamp="2026-02-22T12:39:56.486Z" hostname="firefox" tests="8" failures="0" skipped="8" time="0" errors="0">
<testcase name="Photo Gallery › should display photo gallery" classname="gallery.spec.ts" time="0">
<skipped>
</skipped>
</testcase>
<testcase name="Photo Gallery › should display photos in grid layout" classname="gallery.spec.ts" time="0">
<skipped>
</skipped>
</testcase>
<testcase name="Photo Gallery › should filter photos by tag" classname="gallery.spec.ts" time="0">
<skipped>
</skipped>
</testcase>
<testcase name="Photo Gallery › should search photos by text" classname="gallery.spec.ts" time="0">
<skipped>
</skipped>
</testcase>
<testcase name="Photo Gallery › should open photo detail view" classname="gallery.spec.ts" time="0">
<skipped>
</skipped>
</testcase>
<testcase name="Photo Gallery › should load more photos on scroll" classname="gallery.spec.ts" time="0">
<skipped>
</skipped>
</testcase>
<testcase name="Photo Gallery › should sort photos by date" classname="gallery.spec.ts" time="0">
<skipped>
</skipped>
</testcase>
<testcase name="Photo Gallery › should toggle between grid and list view" classname="gallery.spec.ts" time="0">
<skipped>
</skipped>
</testcase>
</testsuite>
<testsuite name="upload.spec.ts" timestamp="2026-02-22T12:39:56.486Z" hostname="firefox" tests="5" failures="0" skipped="5" time="0" errors="0">
<testcase name="Photo Upload › should display upload page correctly" classname="upload.spec.ts" time="0">
<skipped>
</skipped>
</testcase>
<testcase name="Photo Upload › should validate file selection" classname="upload.spec.ts" time="0">
<skipped>
</skipped>
</testcase>
<testcase name="Photo Upload › should upload a valid image file" classname="upload.spec.ts" time="0">
<skipped>
</skipped>
</testcase>
<testcase name="Photo Upload › should reject invalid file types" classname="upload.spec.ts" time="0">
<skipped>
</skipped>
</testcase>
<testcase name="Photo Upload › should allow adding tags to photo" classname="upload.spec.ts" time="0">
<skipped>
</skipped>
</testcase>
</testsuite>
<testsuite name="ai-identification.spec.ts" timestamp="2026-02-22T12:39:56.486Z" hostname="webkit" tests="8" failures="0" skipped="8" time="0" errors="0">
<testcase name="AI Photo Identification › should identify objects in uploaded photo" classname="ai-identification.spec.ts" time="0">
<skipped>
</skipped>
</testcase>
<testcase name="AI Photo Identification › should display confidence scores" classname="ai-identification.spec.ts" time="0">
<skipped>
</skipped>
</testcase>
<testcase name="AI Photo Identification › should display bounding boxes on photo" classname="ai-identification.spec.ts" time="0">
<skipped>
</skipped>
</testcase>
<testcase name="AI Photo Identification › should allow re-identification" classname="ai-identification.spec.ts" time="0">
<skipped>
</skipped>
</testcase>
<testcase name="AI Photo Identification › should display multiple identifications" classname="ai-identification.spec.ts" time="0">
<skipped>
</skipped>
</testcase>
<testcase name="AI Photo Identification › should filter identifications by confidence threshold" classname="ai-identification.spec.ts" time="0">
<skipped>
</skipped>
</testcase>
<testcase name="AI Photo Identification › should export identification results" classname="ai-identification.spec.ts" time="0">
<skipped>
</skipped>
</testcase>
<testcase name="AI Photo Identification › should show error when identification fails" classname="ai-identification.spec.ts" time="0">
<skipped>
</skipped>
</testcase>
</testsuite>
<testsuite name="auth.spec.ts" timestamp="2026-02-22T12:39:56.486Z" hostname="webkit" tests="6" failures="0" skipped="6" time="0" errors="0">
<testcase name="Authentication › should display login button when not authenticated" classname="auth.spec.ts" time="0">
<skipped>
</skipped>
</testcase>
<testcase name="Authentication › should navigate to login page" classname="auth.spec.ts" time="0">
<skipped>
</skipped>
</testcase>
<testcase name="Authentication › should show validation errors with empty credentials" classname="auth.spec.ts" time="0">
<skipped>
</skipped>
</testcase>
<testcase name="Authentication › should display error with invalid credentials" classname="auth.spec.ts" time="0">
<skipped>
</skipped>
</testcase>
<testcase name="Navigation › should navigate between pages" classname="auth.spec.ts" time="0">
<skipped>
</skipped>
</testcase>
<testcase name="Navigation › should have working mobile navigation" classname="auth.spec.ts" time="0">
<skipped>
</skipped>
</testcase>
</testsuite>
<testsuite name="gallery.spec.ts" timestamp="2026-02-22T12:39:56.486Z" hostname="webkit" tests="8" failures="0" skipped="8" time="0" errors="0">
<testcase name="Photo Gallery › should display photo gallery" classname="gallery.spec.ts" time="0">
<skipped>
</skipped>
</testcase>
<testcase name="Photo Gallery › should display photos in grid layout" classname="gallery.spec.ts" time="0">
<skipped>
</skipped>
</testcase>
<testcase name="Photo Gallery › should filter photos by tag" classname="gallery.spec.ts" time="0">
<skipped>
</skipped>
</testcase>
<testcase name="Photo Gallery › should search photos by text" classname="gallery.spec.ts" time="0">
<skipped>
</skipped>
</testcase>
<testcase name="Photo Gallery › should open photo detail view" classname="gallery.spec.ts" time="0">
<skipped>
</skipped>
</testcase>
<testcase name="Photo Gallery › should load more photos on scroll" classname="gallery.spec.ts" time="0">
<skipped>
</skipped>
</testcase>
<testcase name="Photo Gallery › should sort photos by date" classname="gallery.spec.ts" time="0">
<skipped>
</skipped>
</testcase>
<testcase name="Photo Gallery › should toggle between grid and list view" classname="gallery.spec.ts" time="0">
<skipped>
</skipped>
</testcase>
</testsuite>
<testsuite name="upload.spec.ts" timestamp="2026-02-22T12:39:56.486Z" hostname="webkit" tests="5" failures="0" skipped="5" time="0" errors="0">
<testcase name="Photo Upload › should display upload page correctly" classname="upload.spec.ts" time="0">
<skipped>
</skipped>
</testcase>
<testcase name="Photo Upload › should validate file selection" classname="upload.spec.ts" time="0">
<skipped>
</skipped>
</testcase>
<testcase name="Photo Upload › should upload a valid image file" classname="upload.spec.ts" time="0">
<skipped>
</skipped>
</testcase>
<testcase name="Photo Upload › should reject invalid file types" classname="upload.spec.ts" time="0">
<skipped>
</skipped>
</testcase>
<testcase name="Photo Upload › should allow adding tags to photo" classname="upload.spec.ts" time="0">
<skipped>
</skipped>
</testcase>
</testsuite>
<testsuite name="ai-identification.spec.ts" timestamp="2026-02-22T12:39:56.486Z" hostname="Mobile Chrome" tests="8" failures="0" skipped="8" time="0" errors="0">
<testcase name="AI Photo Identification › should identify objects in uploaded photo" classname="ai-identification.spec.ts" time="0">
<skipped>
</skipped>
</testcase>
<testcase name="AI Photo Identification › should display confidence scores" classname="ai-identification.spec.ts" time="0">
<skipped>
</skipped>
</testcase>
<testcase name="AI Photo Identification › should display bounding boxes on photo" classname="ai-identification.spec.ts" time="0">
<skipped>
</skipped>
</testcase>
<testcase name="AI Photo Identification › should allow re-identification" classname="ai-identification.spec.ts" time="0">
<skipped>
</skipped>
</testcase>
<testcase name="AI Photo Identification › should display multiple identifications" classname="ai-identification.spec.ts" time="0">
<skipped>
</skipped>
</testcase>
<testcase name="AI Photo Identification › should filter identifications by confidence threshold" classname="ai-identification.spec.ts" time="0">
<skipped>
</skipped>
</testcase>
<testcase name="AI Photo Identification › should export identification results" classname="ai-identification.spec.ts" time="0">
<skipped>
</skipped>
</testcase>
<testcase name="AI Photo Identification › should show error when identification fails" classname="ai-identification.spec.ts" time="0">
<skipped>
</skipped>
</testcase>
</testsuite>
<testsuite name="auth.spec.ts" timestamp="2026-02-22T12:39:56.486Z" hostname="Mobile Chrome" tests="6" failures="0" skipped="6" time="0" errors="0">
<testcase name="Authentication › should display login button when not authenticated" classname="auth.spec.ts" time="0">
<skipped>
</skipped>
</testcase>
<testcase name="Authentication › should navigate to login page" classname="auth.spec.ts" time="0">
<skipped>
</skipped>
</testcase>
<testcase name="Authentication › should show validation errors with empty credentials" classname="auth.spec.ts" time="0">
<skipped>
</skipped>
</testcase>
<testcase name="Authentication › should display error with invalid credentials" classname="auth.spec.ts" time="0">
<skipped>
</skipped>
</testcase>
<testcase name="Navigation › should navigate between pages" classname="auth.spec.ts" time="0">
<skipped>
</skipped>
</testcase>
<testcase name="Navigation › should have working mobile navigation" classname="auth.spec.ts" time="0">
<skipped>
</skipped>
</testcase>
</testsuite>
<testsuite name="gallery.spec.ts" timestamp="2026-02-22T12:39:56.486Z" hostname="Mobile Chrome" tests="8" failures="0" skipped="8" time="0" errors="0">
<testcase name="Photo Gallery › should display photo gallery" classname="gallery.spec.ts" time="0">
<skipped>
</skipped>
</testcase>
<testcase name="Photo Gallery › should display photos in grid layout" classname="gallery.spec.ts" time="0">
<skipped>
</skipped>
</testcase>
<testcase name="Photo Gallery › should filter photos by tag" classname="gallery.spec.ts" time="0">
<skipped>
</skipped>
</testcase>
<testcase name="Photo Gallery › should search photos by text" classname="gallery.spec.ts" time="0">
<skipped>
</skipped>
</testcase>
<testcase name="Photo Gallery › should open photo detail view" classname="gallery.spec.ts" time="0">
<skipped>
</skipped>
</testcase>
<testcase name="Photo Gallery › should load more photos on scroll" classname="gallery.spec.ts" time="0">
<skipped>
</skipped>
</testcase>
<testcase name="Photo Gallery › should sort photos by date" classname="gallery.spec.ts" time="0">
<skipped>
</skipped>
</testcase>
<testcase name="Photo Gallery › should toggle between grid and list view" classname="gallery.spec.ts" time="0">
<skipped>
</skipped>
</testcase>
</testsuite>
<testsuite name="upload.spec.ts" timestamp="2026-02-22T12:39:56.486Z" hostname="Mobile Chrome" tests="5" failures="0" skipped="5" time="0" errors="0">
<testcase name="Photo Upload › should display upload page correctly" classname="upload.spec.ts" time="0">
<skipped>
</skipped>
</testcase>
<testcase name="Photo Upload › should validate file selection" classname="upload.spec.ts" time="0">
<skipped>
</skipped>
</testcase>
<testcase name="Photo Upload › should upload a valid image file" classname="upload.spec.ts" time="0">
<skipped>
</skipped>
</testcase>
<testcase name="Photo Upload › should reject invalid file types" classname="upload.spec.ts" time="0">
<skipped>
</skipped>
</testcase>
<testcase name="Photo Upload › should allow adding tags to photo" classname="upload.spec.ts" time="0">
<skipped>
</skipped>
</testcase>
</testsuite>
<testsuite name="ai-identification.spec.ts" timestamp="2026-02-22T12:39:56.486Z" hostname="Mobile Safari" tests="8" failures="0" skipped="8" time="0" errors="0">
<testcase name="AI Photo Identification › should identify objects in uploaded photo" classname="ai-identification.spec.ts" time="0">
<skipped>
</skipped>
</testcase>
<testcase name="AI Photo Identification › should display confidence scores" classname="ai-identification.spec.ts" time="0">
<skipped>
</skipped>
</testcase>
<testcase name="AI Photo Identification › should display bounding boxes on photo" classname="ai-identification.spec.ts" time="0">
<skipped>
</skipped>
</testcase>
<testcase name="AI Photo Identification › should allow re-identification" classname="ai-identification.spec.ts" time="0">
<skipped>
</skipped>
</testcase>
<testcase name="AI Photo Identification › should display multiple identifications" classname="ai-identification.spec.ts" time="0">
<skipped>
</skipped>
</testcase>
<testcase name="AI Photo Identification › should filter identifications by confidence threshold" classname="ai-identification.spec.ts" time="0">
<skipped>
</skipped>
</testcase>
<testcase name="AI Photo Identification › should export identification results" classname="ai-identification.spec.ts" time="0">
<skipped>
</skipped>
</testcase>
<testcase name="AI Photo Identification › should show error when identification fails" classname="ai-identification.spec.ts" time="0">
<skipped>
</skipped>
</testcase>
</testsuite>
<testsuite name="auth.spec.ts" timestamp="2026-02-22T12:39:56.486Z" hostname="Mobile Safari" tests="6" failures="0" skipped="6" time="0" errors="0">
<testcase name="Authentication › should display login button when not authenticated" classname="auth.spec.ts" time="0">
<skipped>
</skipped>
</testcase>
<testcase name="Authentication › should navigate to login page" classname="auth.spec.ts" time="0">
<skipped>
</skipped>
</testcase>
<testcase name="Authentication › should show validation errors with empty credentials" classname="auth.spec.ts" time="0">
<skipped>
</skipped>
</testcase>
<testcase name="Authentication › should display error with invalid credentials" classname="auth.spec.ts" time="0">
<skipped>
</skipped>
</testcase>
<testcase name="Navigation › should navigate between pages" classname="auth.spec.ts" time="0">
<skipped>
</skipped>
</testcase>
<testcase name="Navigation › should have working mobile navigation" classname="auth.spec.ts" time="0">
<skipped>
</skipped>
</testcase>
</testsuite>
<testsuite name="gallery.spec.ts" timestamp="2026-02-22T12:39:56.486Z" hostname="Mobile Safari" tests="8" failures="0" skipped="8" time="0" errors="0">
<testcase name="Photo Gallery › should display photo gallery" classname="gallery.spec.ts" time="0">
<skipped>
</skipped>
</testcase>
<testcase name="Photo Gallery › should display photos in grid layout" classname="gallery.spec.ts" time="0">
<skipped>
</skipped>
</testcase>
<testcase name="Photo Gallery › should filter photos by tag" classname="gallery.spec.ts" time="0">
<skipped>
</skipped>
</testcase>
<testcase name="Photo Gallery › should search photos by text" classname="gallery.spec.ts" time="0">
<skipped>
</skipped>
</testcase>
<testcase name="Photo Gallery › should open photo detail view" classname="gallery.spec.ts" time="0">
<skipped>
</skipped>
</testcase>
<testcase name="Photo Gallery › should load more photos on scroll" classname="gallery.spec.ts" time="0">
<skipped>
</skipped>
</testcase>
<testcase name="Photo Gallery › should sort photos by date" classname="gallery.spec.ts" time="0">
<skipped>
</skipped>
</testcase>
<testcase name="Photo Gallery › should toggle between grid and list view" classname="gallery.spec.ts" time="0">
<skipped>
</skipped>
</testcase>
</testsuite>
<testsuite name="upload.spec.ts" timestamp="2026-02-22T12:39:56.486Z" hostname="Mobile Safari" tests="5" failures="0" skipped="5" time="0" errors="0">
<testcase name="Photo Upload › should display upload page correctly" classname="upload.spec.ts" time="0">
<skipped>
</skipped>
</testcase>
<testcase name="Photo Upload › should validate file selection" classname="upload.spec.ts" time="0">
<skipped>
</skipped>
</testcase>
<testcase name="Photo Upload › should upload a valid image file" classname="upload.spec.ts" time="0">
<skipped>
</skipped>
</testcase>
<testcase name="Photo Upload › should reject invalid file types" classname="upload.spec.ts" time="0">
<skipped>
</skipped>
</testcase>
<testcase name="Photo Upload › should allow adding tags to photo" classname="upload.spec.ts" time="0">
<skipped>
</skipped>
</testcase>
</testsuite>
</testsuites>